2026-04-01 23:03:18 - stock_picker - INFO - ======================================================================
2026-04-01 23:03:18 - stock_picker - INFO - 简化增量收集开始
2026-04-01 23:03:18 - stock_picker - INFO - Simplified Incremental Collection
2026-04-01 23:03:18 - stock_picker - INFO - ======================================================================
2026-04-01 23:03:18 - stock_picker - INFO - Database tables initialized
2026-04-01 23:03:19 - stock_picker - INFO - 数据库中的股票: 300 只
2026-04-01 23:03:19 - stock_picker - INFO - 目标日期: 20260401
2026-04-01 23:03:19 - stock_picker - INFO - 
检查需要更新的股票...
2026-04-01 23:03:19 - stock_picker - INFO - Database tables initialized
2026-04-01 23:03:19 - stock_picker - INFO - Database tables initialized
2026-04-01 23:03:19 - stock_picker - INFO - Database tables initialized
2026-04-01 23:03:19 - stock_picker - INFO - Database tables initialized
2026-04-01 23:03:19 - stock_picker - INFO - Database tables initialized
2026-04-01 23:03:19 - stock_picker - INFO - Database tables initialized
2026-04-01 23:03:19 - stock_picker - INFO - Database tables initialized
2026-04-01 23:03:19 - stock_picker - INFO - Database tables initialized
2026-04-01 23:03:19 - stock_picker - INFO - Database tables initialized
2026-04-01 23:03:19 - stock_picker - INFO - Database tables initialized
2026-04-01 23:03:19 - stock_picker - INFO - Database tables initialized
2026-04-01 23:03:19 - stock_picker - INFO - Database tables initialized
2026-04-01 23:03:19 - stock_picker - INFO - Database tables initialized
2026-04-01 23:03:19 - stock_picker - INFO - Database tables initialized
2026-04-01 23:03:19 - stock_picker - INFO - Database tables initialized
2026-04-01 23:03:19 - stock_picker - INFO - Database tables initialized
2026-04-01 23:03:19 - stock_picker - INFO - Database tables initialized
2026-04-01 23:03:19 - stock_picker - INFO - Database tables initialized
2026-04-01 23:03:19 - stock_picker - INFO - Database tables initialized
2026-04-01 23:03:19 - stock_picker - INFO - Database tables initialized
2026-04-01 23:03:19 - stock_picker - INFO - Database tables initialized
2026-04-01 23:03:19 - stock_picker - INFO - Database tables initialized
2026-04-01 23:03:19 - stock_picker - INFO - Database tables initialized
2026-04-01 23:03:19 - stock_picker - INFO - Database tables initialized
2026-04-01 23:03:19 - stock_picker - INFO - Database tables initialized
2026-04-01 23:03:19 - stock_picker - INFO - Database tables initialized
2026-04-01 23:03:19 - stock_picker - INFO - Database tables initialized
2026-04-01 23:03:19 - stock_picker - INFO - Database tables initialized
2026-04-01 23:03:19 - stock_picker - INFO - Database tables initialized
2026-04-01 23:03:19 - stock_picker - INFO - Database tables initialized
2026-04-01 23:03:19 - stock_picker - INFO - Database tables initialized
2026-04-01 23:03:19 - stock_picker - INFO - Database tables initialized
2026-04-01 23:03:19 - stock_picker - INFO - Database tables initialized
2026-04-01 23:03:19 - stock_picker - INFO - Database tables initialized
2026-04-01 23:03:19 - stock_picker - INFO - Database tables initialized
2026-04-01 23:03:19 - stock_picker - INFO - Database tables initialized
2026-04-01 23:03:19 - stock_picker - INFO - Database tables initialized
2026-04-01 23:03:19 - stock_picker - INFO - Database tables initialized
2026-04-01 23:03:19 - stock_picker - INFO - Database tables initialized
2026-04-01 23:03:19 - stock_picker - INFO - Database tables initialized
2026-04-01 23:03:19 - stock_picker - INFO - Database tables initialized
2026-04-01 23:03:19 - stock_picker - INFO - Database tables initialized
2026-04-01 23:03:19 - stock_picker - INFO - Database tables initialized
2026-04-01 23:03:19 - stock_picker - INFO - Database tables initialized
2026-04-01 23:03:19 - stock_picker - INFO - Database tables initialized
2026-04-01 23:03:19 - stock_picker - INFO - Database tables initialized
2026-04-01 23:03:19 - stock_picker - INFO - Database tables initialized
2026-04-01 23:03:19 - stock_picker - INFO - Database tables initialized
2026-04-01 23:03:19 - stock_picker - INFO - Database tables initialized
2026-04-01 23:03:19 - stock_picker - INFO - Database tables initialized
2026-04-01 23:03:19 - stock_picker - INFO - Database tables initialized
2026-04-01 23:03:19 - stock_picker - INFO - Database tables initialized
2026-04-01 23:03:19 - stock_picker - INFO - Database tables initialized
2026-04-01 23:03:19 - stock_picker - INFO - Database tables initialized
2026-04-01 23:03:19 - stock_picker - INFO - Database tables initialized
2026-04-01 23:03:19 - stock_picker - INFO - Database tables initialized
2026-04-01 23:03:19 - stock_picker - INFO - Database tables initialized
2026-04-01 23:03:19 - stock_picker - INFO - Database tables initialized
2026-04-01 23:03:19 - stock_picker - INFO - Database tables initialized
2026-04-01 23:03:19 - stock_picker - INFO - Database tables initialized
2026-04-01 23:03:19 - stock_picker - INFO - Database tables initialized
2026-04-01 23:03:19 - stock_picker - INFO - Database tables initialized
2026-04-01 23:03:19 - stock_picker - INFO - Database tables initialized
2026-04-01 23:03:19 - stock_picker - INFO - Database tables initialized
2026-04-01 23:03:19 - stock_picker - INFO - Database tables initialized
2026-04-01 23:03:19 - stock_picker - INFO - Database tables initialized
2026-04-01 23:03:19 - stock_picker - INFO - Database tables initialized
2026-04-01 23:03:19 - stock_picker - INFO - Database tables initialized
2026-04-01 23:03:19 - stock_picker - INFO - Database tables initialized
2026-04-01 23:03:19 - stock_picker - INFO - Database tables initialized
2026-04-01 23:03:19 - stock_picker - INFO - Database tables initialized
2026-04-01 23:03:19 - stock_picker - INFO - Database tables initialized
2026-04-01 23:03:19 - stock_picker - INFO - Database tables initialized
2026-04-01 23:03:19 - stock_picker - INFO - Database tables initialized
2026-04-01 23:03:19 - stock_picker - INFO - Database tables initialized
2026-04-01 23:03:19 - stock_picker - INFO - Database tables initialized
2026-04-01 23:03:19 - stock_picker - INFO - Database tables initialized
2026-04-01 23:03:19 - stock_picker - INFO - Database tables initialized
2026-04-01 23:03:19 - stock_picker - INFO - Database tables initialized
2026-04-01 23:03:19 - stock_picker - INFO - Database tables initialized
2026-04-01 23:03:19 - stock_picker - INFO - Database tables initialized
2026-04-01 23:03:19 - stock_picker - INFO - Database tables initialized
2026-04-01 23:03:19 - stock_picker - INFO - Database tables initialized
2026-04-01 23:03:19 - stock_picker - INFO - Database tables initialized
2026-04-01 23:03:19 - stock_picker - INFO - Database tables initialized
2026-04-01 23:03:19 - stock_picker - INFO - Database tables initialized
2026-04-01 23:03:19 - stock_picker - INFO - Database tables initialized
2026-04-01 23:03:19 - stock_picker - INFO - Database tables initialized
2026-04-01 23:03:19 - stock_picker - INFO - Database tables initialized
2026-04-01 23:03:19 - stock_picker - INFO - Database tables initialized
2026-04-01 23:03:19 - stock_picker - INFO - Database tables initialized
2026-04-01 23:03:19 - stock_picker - INFO - Database tables initialized
2026-04-01 23:03:19 - stock_picker - INFO - Database tables initialized
2026-04-01 23:03:19 - stock_picker - INFO - Database tables initialized
2026-04-01 23:03:19 - stock_picker - INFO - Database tables initialized
2026-04-01 23:03:19 - stock_picker - INFO - Database tables initialized
2026-04-01 23:03:19 - stock_picker - INFO - Database tables initialized
2026-04-01 23:03:19 - stock_picker - INFO - Database tables initialized
2026-04-01 23:03:19 - stock_picker - INFO - Database tables initialized
2026-04-01 23:03:19 - stock_picker - INFO - Database tables initialized
2026-04-01 23:03:19 - stock_picker - INFO - Database tables initialized
2026-04-01 23:03:19 - stock_picker - INFO - Database tables initialized
2026-04-01 23:03:19 - stock_picker - INFO - Database tables initialized
2026-04-01 23:03:19 - stock_picker - INFO - Database tables initialized
2026-04-01 23:03:19 - stock_picker - INFO - Database tables initialized
2026-04-01 23:03:19 - stock_picker - INFO - Database tables initialized
2026-04-01 23:03:19 - stock_picker - INFO - Database tables initialized
2026-04-01 23:03:19 - stock_picker - INFO - Database tables initialized
2026-04-01 23:03:19 - stock_picker - INFO - Database tables initialized
2026-04-01 23:03:19 - stock_picker - INFO - Database tables initialized
2026-04-01 23:03:19 - stock_picker - INFO - Database tables initialized
2026-04-01 23:03:19 - stock_picker - INFO - Database tables initialized
2026-04-01 23:03:19 - stock_picker - INFO - Database tables initialized
2026-04-01 23:03:19 - stock_picker - INFO - Database tables initialized
2026-04-01 23:03:19 - stock_picker - INFO - Database tables initialized
2026-04-01 23:03:19 - stock_picker - INFO - Database tables initialized
2026-04-01 23:03:19 - stock_picker - INFO - Database tables initialized
2026-04-01 23:03:19 - stock_picker - INFO - Database tables initialized
2026-04-01 23:03:19 - stock_picker - INFO - Database tables initialized
2026-04-01 23:03:19 - stock_picker - INFO - Database tables initialized
2026-04-01 23:03:19 - stock_picker - INFO - Database tables initialized
2026-04-01 23:03:19 - stock_picker - INFO - Database tables initialized
2026-04-01 23:03:19 - stock_picker - INFO - Database tables initialized
2026-04-01 23:03:19 - stock_picker - INFO - Database tables initialized
2026-04-01 23:03:19 - stock_picker - INFO - Database tables initialized
2026-04-01 23:03:19 - stock_picker - INFO - Database tables initialized
2026-04-01 23:03:19 - stock_picker - INFO - Database tables initialized
2026-04-01 23:03:19 - stock_picker - INFO - Database tables initialized
2026-04-01 23:03:19 - stock_picker - INFO - Database tables initialized
2026-04-01 23:03:19 - stock_picker - INFO - Database tables initialized
2026-04-01 23:03:19 - stock_picker - INFO - Database tables initialized
2026-04-01 23:03:19 - stock_picker - INFO - Database tables initialized
2026-04-01 23:03:19 - stock_picker - INFO - Database tables initialized
2026-04-01 23:03:19 - stock_picker - INFO - Database tables initialized
2026-04-01 23:03:19 - stock_picker - INFO - Database tables initialized
2026-04-01 23:03:19 - stock_picker - INFO - Database tables initialized
2026-04-01 23:03:19 - stock_picker - INFO - Database tables initialized
2026-04-01 23:03:19 - stock_picker - INFO - Database tables initialized
2026-04-01 23:03:19 - stock_picker - INFO - Database tables initialized
2026-04-01 23:03:19 - stock_picker - INFO - Database tables initialized
2026-04-01 23:03:19 - stock_picker - INFO - Database tables initialized
2026-04-01 23:03:19 - stock_picker - INFO - Database tables initialized
2026-04-01 23:03:19 - stock_picker - INFO - Database tables initialized
2026-04-01 23:03:19 - stock_picker - INFO - Database tables initialized
2026-04-01 23:03:19 - stock_picker - INFO - Database tables initialized
2026-04-01 23:03:19 - stock_picker - INFO - Database tables initialized
2026-04-01 23:03:19 - stock_picker - INFO - Database tables initialized
2026-04-01 23:03:19 - stock_picker - INFO - Database tables initialized
2026-04-01 23:03:19 - stock_picker - INFO - Database tables initialized
2026-04-01 23:03:19 - stock_picker - INFO - Database tables initialized
2026-04-01 23:03:19 - stock_picker - INFO - Database tables initialized
2026-04-01 23:03:19 - stock_picker - INFO - Database tables initialized
2026-04-01 23:03:19 - stock_picker - INFO - Database tables initialized
2026-04-01 23:03:19 - stock_picker - INFO - Database tables initialized
2026-04-01 23:03:19 - stock_picker - INFO - Database tables initialized
2026-04-01 23:03:19 - stock_picker - INFO - Database tables initialized
2026-04-01 23:03:19 - stock_picker - INFO - Database tables initialized
2026-04-01 23:03:19 - stock_picker - INFO - Database tables initialized
2026-04-01 23:03:19 - stock_picker - INFO - Database tables initialized
2026-04-01 23:03:19 - stock_picker - INFO - Database tables initialized
2026-04-01 23:03:19 - stock_picker - INFO - Database tables initialized
2026-04-01 23:03:19 - stock_picker - INFO - Database tables initialized
2026-04-01 23:03:19 - stock_picker - INFO - Database tables initialized
2026-04-01 23:03:19 - stock_picker - INFO - Database tables initialized
2026-04-01 23:03:19 - stock_picker - INFO - Database tables initialized
2026-04-01 23:03:19 - stock_picker - INFO - Database tables initialized
2026-04-01 23:03:19 - stock_picker - INFO - Database tables initialized
2026-04-01 23:03:19 - stock_picker - INFO - Database tables initialized
2026-04-01 23:03:19 - stock_picker - INFO - Database tables initialized
2026-04-01 23:03:19 - stock_picker - INFO - Database tables initialized
2026-04-01 23:03:19 - stock_picker - INFO - Database tables initialized
2026-04-01 23:03:19 - stock_picker - INFO - Database tables initialized
2026-04-01 23:03:19 - stock_picker - INFO - Database tables initialized
2026-04-01 23:03:19 - stock_picker - INFO - Database tables initialized
2026-04-01 23:03:19 - stock_picker - INFO - Database tables initialized
2026-04-01 23:03:19 - stock_picker - INFO - Database tables initialized
2026-04-01 23:03:19 - stock_picker - INFO - Database tables initialized
2026-04-01 23:03:19 - stock_picker - INFO - Database tables initialized
2026-04-01 23:03:19 - stock_picker - INFO - Database tables initialized
2026-04-01 23:03:19 - stock_picker - INFO - Database tables initialized
2026-04-01 23:03:19 - stock_picker - INFO - Database tables initialized
2026-04-01 23:03:19 - stock_picker - INFO - Database tables initialized
2026-04-01 23:03:19 - stock_picker - INFO - Database tables initialized
2026-04-01 23:03:19 - stock_picker - INFO - Database tables initialized
2026-04-01 23:03:19 - stock_picker - INFO - Database tables initialized
2026-04-01 23:03:19 - stock_picker - INFO - Database tables initialized
2026-04-01 23:03:19 - stock_picker - INFO - Database tables initialized
2026-04-01 23:03:19 - stock_picker - INFO - Database tables initialized
2026-04-01 23:03:19 - stock_picker - INFO - Database tables initialized
2026-04-01 23:03:19 - stock_picker - INFO - Database tables initialized
2026-04-01 23:03:19 - stock_picker - INFO - Database tables initialized
2026-04-01 23:03:19 - stock_picker - INFO - Database tables initialized
2026-04-01 23:03:19 - stock_picker - INFO - Database tables initialized
2026-04-01 23:03:19 - stock_picker - INFO - Database tables initialized
2026-04-01 23:03:19 - stock_picker - INFO - Database tables initialized
2026-04-01 23:03:19 - stock_picker - INFO - Database tables initialized
2026-04-01 23:03:19 - stock_picker - INFO - Database tables initialized
2026-04-01 23:03:19 - stock_picker - INFO - Database tables initialized
2026-04-01 23:03:19 - stock_picker - INFO - Database tables initialized
2026-04-01 23:03:19 - stock_picker - INFO - Database tables initialized
2026-04-01 23:03:19 - stock_picker - INFO - Database tables initialized
2026-04-01 23:03:19 - stock_picker - INFO - Database tables initialized
2026-04-01 23:03:19 - stock_picker - INFO - Database tables initialized
2026-04-01 23:03:19 - stock_picker - INFO - Database tables initialized
2026-04-01 23:03:19 - stock_picker - INFO - Database tables initialized
2026-04-01 23:03:19 - stock_picker - INFO - Database tables initialized
2026-04-01 23:03:19 - stock_picker - INFO - Database tables initialized
2026-04-01 23:03:19 - stock_picker - INFO - Database tables initialized
2026-04-01 23:03:19 - stock_picker - INFO - Database tables initialized
2026-04-01 23:03:19 - stock_picker - INFO - Database tables initialized
2026-04-01 23:03:19 - stock_picker - INFO - Database tables initialized
2026-04-01 23:03:19 - stock_picker - INFO - Database tables initialized
2026-04-01 23:03:19 - stock_picker - INFO - Database tables initialized
2026-04-01 23:03:19 - stock_picker - INFO - Database tables initialized
2026-04-01 23:03:19 - stock_picker - INFO - Database tables initialized
2026-04-01 23:03:19 - stock_picker - INFO - Database tables initialized
2026-04-01 23:03:19 - stock_picker - INFO - Database tables initialized
2026-04-01 23:03:19 - stock_picker - INFO - Database tables initialized
2026-04-01 23:03:19 - stock_picker - INFO - Database tables initialized
2026-04-01 23:03:19 - stock_picker - INFO - Database tables initialized
2026-04-01 23:03:19 - stock_picker - INFO - Database tables initialized
2026-04-01 23:03:19 - stock_picker - INFO - Database tables initialized
2026-04-01 23:03:19 - stock_picker - INFO - Database tables initialized
2026-04-01 23:03:19 - stock_picker - INFO - Database tables initialized
2026-04-01 23:03:19 - stock_picker - INFO - Database tables initialized
2026-04-01 23:03:19 - stock_picker - INFO - Database tables initialized
2026-04-01 23:03:19 - stock_picker - INFO - Database tables initialized
2026-04-01 23:03:19 - stock_picker - INFO - Database tables initialized
2026-04-01 23:03:19 - stock_picker - INFO - Database tables initialized
2026-04-01 23:03:19 - stock_picker - INFO - Database tables initialized
2026-04-01 23:03:19 - stock_picker - INFO - Database tables initialized
2026-04-01 23:03:19 - stock_picker - INFO - Database tables initialized
2026-04-01 23:03:19 - stock_picker - INFO - Database tables initialized
2026-04-01 23:03:19 - stock_picker - INFO - Database tables initialized
2026-04-01 23:03:19 - stock_picker - INFO - Database tables initialized
2026-04-01 23:03:19 - stock_picker - INFO - Database tables initialized
2026-04-01 23:03:19 - stock_picker - INFO - Database tables initialized
2026-04-01 23:03:19 - stock_picker - INFO - Database tables initialized
2026-04-01 23:03:19 - stock_picker - INFO - Database tables initialized
2026-04-01 23:03:19 - stock_picker - INFO - Database tables initialized
2026-04-01 23:03:19 - stock_picker - INFO - Database tables initialized
2026-04-01 23:03:19 - stock_picker - INFO - Database tables initialized
2026-04-01 23:03:19 - stock_picker - INFO - Database tables initialized
2026-04-01 23:03:19 - stock_picker - INFO - Database tables initialized
2026-04-01 23:03:19 - stock_picker - INFO - Database tables initialized
2026-04-01 23:03:19 - stock_picker - INFO - Database tables initialized
2026-04-01 23:03:19 - stock_picker - INFO - Database tables initialized
2026-04-01 23:03:19 - stock_picker - INFO - Database tables initialized
2026-04-01 23:03:19 - stock_picker - INFO - Database tables initialized
2026-04-01 23:03:19 - stock_picker - INFO - Database tables initialized
2026-04-01 23:03:19 - stock_picker - INFO - Database tables initialized
2026-04-01 23:03:19 - stock_picker - INFO - Database tables initialized
2026-04-01 23:03:19 - stock_picker - INFO - Database tables initialized
2026-04-01 23:03:19 - stock_picker - INFO - Database tables initialized
2026-04-01 23:03:19 - stock_picker - INFO - Database tables initialized
2026-04-01 23:03:19 - stock_picker - INFO - Database tables initialized
2026-04-01 23:03:19 - stock_picker - INFO - Database tables initialized
2026-04-01 23:03:19 - stock_picker - INFO - Database tables initialized
2026-04-01 23:03:19 - stock_picker - INFO - Database tables initialized
2026-04-01 23:03:19 - stock_picker - INFO - Database tables initialized
2026-04-01 23:03:19 - stock_picker - INFO - Database tables initialized
2026-04-01 23:03:19 - stock_picker - INFO - Database tables initialized
2026-04-01 23:03:19 - stock_picker - INFO - Database tables initialized
2026-04-01 23:03:19 - stock_picker - INFO - Database tables initialized
2026-04-01 23:03:19 - stock_picker - INFO - Database tables initialized
2026-04-01 23:03:19 - stock_picker - INFO - Database tables initialized
2026-04-01 23:03:19 - stock_picker - INFO - Database tables initialized
2026-04-01 23:03:19 - stock_picker - INFO - Database tables initialized
2026-04-01 23:03:19 - stock_picker - INFO - Database tables initialized
2026-04-01 23:03:19 - stock_picker - INFO - Database tables initialized
2026-04-01 23:03:19 - stock_picker - INFO - Database tables initialized
2026-04-01 23:03:19 - stock_picker - INFO - Database tables initialized
2026-04-01 23:03:19 - stock_picker - INFO - Database tables initialized
2026-04-01 23:03:19 - stock_picker - INFO - Database tables initialized
2026-04-01 23:03:19 - stock_picker - INFO - Database tables initialized
2026-04-01 23:03:19 - stock_picker - INFO - Database tables initialized
2026-04-01 23:03:19 - stock_picker - INFO - Database tables initialized
2026-04-01 23:03:19 - stock_picker - INFO - Database tables initialized
2026-04-01 23:03:19 - stock_picker - INFO - Database tables initialized
2026-04-01 23:03:19 - stock_picker - INFO - Database tables initialized
2026-04-01 23:03:19 - stock_picker - INFO - Database tables initialized
2026-04-01 23:03:19 - stock_picker - INFO - Database tables initialized
2026-04-01 23:03:19 - stock_picker - INFO - Database tables initialized
2026-04-01 23:03:19 - stock_picker - INFO - Database tables initialized
2026-04-01 23:03:19 - stock_picker - INFO - Database tables initialized
2026-04-01 23:03:19 - stock_picker - INFO - Database tables initialized
2026-04-01 23:03:19 - stock_picker - INFO - Database tables initialized
2026-04-01 23:03:19 - stock_picker - INFO - Database tables initialized
2026-04-01 23:03:19 - stock_picker - INFO - Database tables initialized
2026-04-01 23:03:19 - stock_picker - INFO - Database tables initialized
2026-04-01 23:03:19 - stock_picker - INFO - Database tables initialized
2026-04-01 23:03:19 - stock_picker - INFO - Database tables initialized
2026-04-01 23:03:19 - stock_picker - INFO - Database tables initialized
2026-04-01 23:03:19 - stock_picker - INFO - Database tables initialized
2026-04-01 23:03:19 - stock_picker - INFO - Database tables initialized
2026-04-01 23:03:19 - stock_picker - INFO - Database tables initialized
2026-04-01 23:03:19 - stock_picker - INFO - Database tables initialized
2026-04-01 23:03:19 - stock_picker - INFO - Database tables initialized
2026-04-01 23:03:19 - stock_picker - INFO - Database tables initialized
2026-04-01 23:03:19 - stock_picker - INFO - Database tables initialized
2026-04-01 23:03:19 - stock_picker - INFO - [300/300] 688981.SH: 需要从 20260324 更新
2026-04-01 23:03:19 - stock_picker - INFO - 
统计:
2026-04-01 23:03:19 - stock_picker - INFO -   需要更新: 30 只
2026-04-01 23:03:19 - stock_picker - INFO -   已是最新: 270 只
2026-04-01 23:03:19 - stock_picker - INFO - 
开始增量更新...
2026-04-01 23:03:19 - stock_picker - INFO - ======================================================================
2026-04-01 23:03:19 - stock_picker - INFO - [1/30] 002050.SZ: 20260324 -> 20260401
2026-04-01 23:03:19 - stock_picker - INFO - Tushare API initialized
2026-04-01 23:03:19 - stock_picker - INFO - Successfully fetched 6 records for 002050.SZ
2026-04-01 23:03:19 - stock_picker - INFO - Database tables initialized
2026-04-01 23:03:19 - stock_picker - INFO - Batch saved 6 records
2026-04-01 23:03:19 - stock_picker - INFO -   新增 6 条记录
2026-04-01 23:03:19 - stock_picker - INFO - [2/30] 002074.SZ: 20260324 -> 20260401
2026-04-01 23:03:19 - stock_picker - INFO - Successfully fetched 6 records for 002074.SZ
2026-04-01 23:03:19 - stock_picker - INFO - Database tables initialized
2026-04-01 23:03:19 - stock_picker - INFO - Batch saved 6 records
2026-04-01 23:03:19 - stock_picker - INFO -   新增 6 条记录
2026-04-01 23:03:20 - stock_picker - INFO - [3/30] 002459.SZ: 20260324 -> 20260401
2026-04-01 23:03:20 - stock_picker - INFO - Successfully fetched 6 records for 002459.SZ
2026-04-01 23:03:20 - stock_picker - INFO - Database tables initialized
2026-04-01 23:03:20 - stock_picker - INFO - Batch saved 6 records
2026-04-01 23:03:20 - stock_picker - INFO -   新增 6 条记录
2026-04-01 23:03:20 - stock_picker - INFO - [4/30] 002460.SZ: 20260324 -> 20260401
2026-04-01 23:03:20 - stock_picker - INFO - Successfully fetched 6 records for 002460.SZ
2026-04-01 23:03:20 - stock_picker - INFO - Database tables initialized
2026-04-01 23:03:20 - stock_picker - INFO - Batch saved 6 records
2026-04-01 23:03:20 - stock_picker - INFO -   新增 6 条记录
2026-04-01 23:03:20 - stock_picker - INFO - [5/30] 002463.SZ: 20260324 -> 20260401
2026-04-01 23:03:21 - stock_picker - INFO - Successfully fetched 6 records for 002463.SZ
2026-04-01 23:03:21 - stock_picker - INFO - Database tables initialized
2026-04-01 23:03:21 - stock_picker - INFO - Batch saved 6 records
2026-04-01 23:03:21 - stock_picker - INFO -   新增 6 条记录
2026-04-01 23:03:21 - stock_picker - INFO - [6/30] 002466.SZ: 20260324 -> 20260401
2026-04-01 23:03:21 - stock_picker - INFO - Successfully fetched 6 records for 002466.SZ
2026-04-01 23:03:21 - stock_picker - INFO - Database tables initialized
2026-04-01 23:03:21 - stock_picker - INFO - Batch saved 6 records
2026-04-01 23:03:21 - stock_picker - INFO -   新增 6 条记录
2026-04-01 23:03:21 - stock_picker - INFO - [7/30] 300124.SZ: 20260324 -> 20260401
2026-04-01 23:03:21 - stock_picker - INFO - Successfully fetched 6 records for 300124.SZ
2026-04-01 23:03:21 - stock_picker - INFO - Database tables initialized
2026-04-01 23:03:21 - stock_picker - INFO - Batch saved 6 records
2026-04-01 23:03:21 - stock_picker - INFO -   新增 6 条记录
2026-04-01 23:03:22 - stock_picker - INFO - [8/30] 300408.SZ: 20260324 -> 20260401
2026-04-01 23:03:22 - stock_picker - INFO - Successfully fetched 6 records for 300408.SZ
2026-04-01 23:03:22 - stock_picker - INFO - Database tables initialized
2026-04-01 23:03:22 - stock_picker - INFO - Batch saved 6 records
2026-04-01 23:03:22 - stock_picker - INFO -   新增 6 条记录
2026-04-01 23:03:22 - stock_picker - INFO - [9/30] 300413.SZ: 20260324 -> 20260401
2026-04-01 23:03:22 - stock_picker - INFO - Successfully fetched 6 records for 300413.SZ
2026-04-01 23:03:22 - stock_picker - INFO - Database tables initialized
2026-04-01 23:03:22 - stock_picker - INFO - Batch saved 6 records
2026-04-01 23:03:22 - stock_picker - INFO -   新增 6 条记录
2026-04-01 23:03:23 - stock_picker - INFO - [10/30] 600048.SH: 20260324 -> 20260401
2026-04-01 23:03:23 - stock_picker - INFO - Successfully fetched 6 records for 600048.SH
2026-04-01 23:03:23 - stock_picker - INFO - Database tables initialized
2026-04-01 23:03:23 - stock_picker - INFO - Batch saved 6 records
2026-04-01 23:03:23 - stock_picker - INFO -   新增 6 条记录
2026-04-01 23:03:23 - stock_picker - INFO - [11/30] 600085.SH: 20260324 -> 20260401
2026-04-01 23:03:23 - stock_picker - INFO - Successfully fetched 6 records for 600085.SH
2026-04-01 23:03:23 - stock_picker - INFO - Database tables initialized
2026-04-01 23:03:23 - stock_picker - INFO - Batch saved 6 records
2026-04-01 23:03:23 - stock_picker - INFO -   新增 6 条记录
2026-04-01 23:03:23 - stock_picker - INFO - [12/30] 600089.SH: 20260324 -> 20260401
2026-04-01 23:03:24 - stock_picker - INFO - Successfully fetched 6 records for 600089.SH
2026-04-01 23:03:24 - stock_picker - INFO - Database tables initialized
2026-04-01 23:03:24 - stock_picker - INFO - Batch saved 6 records
2026-04-01 23:03:24 - stock_picker - INFO -   新增 6 条记录
2026-04-01 23:03:24 - stock_picker - INFO - [13/30] 600104.SH: 20260324 -> 20260401
2026-04-01 23:03:24 - stock_picker - INFO - Successfully fetched 6 records for 600104.SH
2026-04-01 23:03:24 - stock_picker - INFO - Database tables initialized
2026-04-01 23:03:24 - stock_picker - INFO - Batch saved 6 records
2026-04-01 23:03:24 - stock_picker - INFO -   新增 6 条记录
2026-04-01 23:03:24 - stock_picker - INFO - [14/30] 600111.SH: 20260324 -> 20260401
2026-04-01 23:03:24 - stock_picker - INFO - Successfully fetched 6 records for 600111.SH
2026-04-01 23:03:24 - stock_picker - INFO - Database tables initialized
2026-04-01 23:03:24 - stock_picker - INFO - Batch saved 6 records
2026-04-01 23:03:24 - stock_picker - INFO -   新增 6 条记录
2026-04-01 23:03:25 - stock_picker - INFO - [15/30] 600115.SH: 20260324 -> 20260401
2026-04-01 23:03:25 - stock_picker - INFO - Successfully fetched 6 records for 600115.SH
2026-04-01 23:03:25 - stock_picker - INFO - Database tables initialized
2026-04-01 23:03:25 - stock_picker - INFO - Batch saved 6 records
2026-04-01 23:03:25 - stock_picker - INFO -   新增 6 条记录
2026-04-01 23:03:25 - stock_picker - INFO - [16/30] 600150.SH: 20260324 -> 20260401
2026-04-01 23:03:25 - stock_picker - INFO - Successfully fetched 6 records for 600150.SH
2026-04-01 23:03:25 - stock_picker - INFO - Database tables initialized
2026-04-01 23:03:25 - stock_picker - INFO - Batch saved 6 records
2026-04-01 23:03:25 - stock_picker - INFO -   新增 6 条记录
2026-04-01 23:03:25 - stock_picker - INFO - [17/30] 600905.SH: 20260324 -> 20260401
2026-04-01 23:03:26 - stock_picker - INFO - Successfully fetched 6 records for 600905.SH
2026-04-01 23:03:26 - stock_picker - INFO - Database tables initialized
2026-04-01 23:03:26 - stock_picker - INFO - Batch saved 6 records
2026-04-01 23:03:26 - stock_picker - INFO -   新增 6 条记录
2026-04-01 23:03:26 - stock_picker - INFO - [18/30] 600919.SH: 20260324 -> 20260401
2026-04-01 23:03:26 - stock_picker - INFO - Successfully fetched 6 records for 600919.SH
2026-04-01 23:03:26 - stock_picker - INFO - Database tables initialized
2026-04-01 23:03:26 - stock_picker - INFO - Batch saved 6 records
2026-04-01 23:03:26 - stock_picker - INFO -   新增 6 条记录
2026-04-01 23:03:26 - stock_picker - INFO - [19/30] 600926.SH: 20260324 -> 20260401
2026-04-01 23:03:26 - stock_picker - INFO - Successfully fetched 6 records for 600926.SH
2026-04-01 23:03:26 - stock_picker - INFO - Database tables initialized
2026-04-01 23:03:26 - stock_picker - INFO - Batch saved 6 records
2026-04-01 23:03:26 - stock_picker - INFO -   新增 6 条记录
2026-04-01 23:03:27 - stock_picker - INFO - [20/30] 601006.SH: 20260324 -> 20260401
2026-04-01 23:03:27 - stock_picker - INFO - Successfully fetched 6 records for 601006.SH
2026-04-01 23:03:27 - stock_picker - INFO - Database tables initialized
2026-04-01 23:03:27 - stock_picker - INFO - Batch saved 6 records
2026-04-01 23:03:27 - stock_picker - INFO -   新增 6 条记录
2026-04-01 23:03:27 - stock_picker - INFO - [21/30] 601012.SH: 20260324 -> 20260401
2026-04-01 23:03:27 - stock_picker - INFO - Successfully fetched 6 records for 601012.SH
2026-04-01 23:03:27 - stock_picker - INFO - Database tables initialized
2026-04-01 23:03:27 - stock_picker - INFO - Batch saved 6 records
2026-04-01 23:03:27 - stock_picker - INFO -   新增 6 条记录
2026-04-01 23:03:28 - stock_picker - INFO - [22/30] 601111.SH: 20260324 -> 20260401
2026-04-01 23:03:28 - stock_picker - INFO - Successfully fetched 6 records for 601111.SH
2026-04-01 23:03:28 - stock_picker - INFO - Database tables initialized
2026-04-01 23:03:28 - stock_picker - INFO - Batch saved 6 records
2026-04-01 23:03:28 - stock_picker - INFO -   新增 6 条记录
2026-04-01 23:03:28 - stock_picker - INFO - [23/30] 601229.SH: 20260324 -> 20260401
2026-04-01 23:03:28 - stock_picker - INFO - Successfully fetched 6 records for 601229.SH
2026-04-01 23:03:28 - stock_picker - INFO - Database tables initialized
2026-04-01 23:03:28 - stock_picker - INFO - Batch saved 6 records
2026-04-01 23:03:28 - stock_picker - INFO -   新增 6 条记录
2026-04-01 23:03:28 - stock_picker - INFO - [24/30] 601838.SH: 20260324 -> 20260401
2026-04-01 23:03:28 - stock_picker - INFO - Successfully fetched 6 records for 601838.SH
2026-04-01 23:03:28 - stock_picker - INFO - Database tables initialized
2026-04-01 23:03:28 - stock_picker - INFO - Batch saved 6 records
2026-04-01 23:03:28 - stock_picker - INFO -   新增 6 条记录
2026-04-01 23:03:29 - stock_picker - INFO - [25/30] 601988.SH: 20260324 -> 20260401
2026-04-01 23:03:29 - stock_picker - INFO - Successfully fetched 6 records for 601988.SH
2026-04-01 23:03:29 - stock_picker - INFO - Database tables initialized
2026-04-01 23:03:29 - stock_picker - INFO - Batch saved 6 records
2026-04-01 23:03:29 - stock_picker - INFO -   新增 6 条记录
2026-04-01 23:03:29 - stock_picker - INFO - [26/30] 601995.SH: 20260324 -> 20260401
2026-04-01 23:03:29 - stock_picker - INFO - Successfully fetched 6 records for 601995.SH
2026-04-01 23:03:29 - stock_picker - INFO - Database tables initialized
2026-04-01 23:03:29 - stock_picker - INFO - Batch saved 6 records
2026-04-01 23:03:29 - stock_picker - INFO -   新增 6 条记录
2026-04-01 23:03:30 - stock_picker - INFO - [27/30] 605499.SH: 20260324 -> 20260401
2026-04-01 23:03:30 - stock_picker - INFO - Successfully fetched 6 records for 605499.SH
2026-04-01 23:03:30 - stock_picker - INFO - Database tables initialized
2026-04-01 23:03:30 - stock_picker - INFO - Batch saved 6 records
2026-04-01 23:03:30 - stock_picker - INFO -   新增 6 条记录
2026-04-01 23:03:30 - stock_picker - INFO - [28/30] 688082.SH: 20260324 -> 20260401
2026-04-01 23:03:30 - stock_picker - INFO - Successfully fetched 6 records for 688082.SH
2026-04-01 23:03:30 - stock_picker - INFO - Database tables initialized
2026-04-01 23:03:30 - stock_picker - INFO - Batch saved 6 records
2026-04-01 23:03:30 - stock_picker - INFO -   新增 6 条记录
2026-04-01 23:03:30 - stock_picker - INFO - [29/30] 688256.SH: 20260324 -> 20260401
2026-04-01 23:03:30 - stock_picker - INFO - Successfully fetched 6 records for 688256.SH
2026-04-01 23:03:31 - stock_picker - INFO - Database tables initialized
2026-04-01 23:03:31 - stock_picker - INFO - Batch saved 6 records
2026-04-01 23:03:31 - stock_picker - INFO -   新增 6 条记录
2026-04-01 23:03:31 - stock_picker - INFO - [30/30] 688981.SH: 20260324 -> 20260401
2026-04-01 23:03:31 - stock_picker - INFO - Successfully fetched 6 records for 688981.SH
2026-04-01 23:03:31 - stock_picker - INFO - Database tables initialized
2026-04-01 23:03:31 - stock_picker - INFO - Batch saved 6 records
2026-04-01 23:03:31 - stock_picker - INFO -   新增 6 条记录
2026-04-01 23:03:31 - stock_picker - INFO - 
======================================================================
2026-04-01 23:03:31 - stock_picker - INFO - 增量更新完成
2026-04-01 23:03:31 - stock_picker - INFO - ======================================================================
2026-04-01 23:03:31 - stock_picker - INFO - 总数: 30
2026-04-01 23:03:31 - stock_picker - INFO - 成功: 30
2026-04-01 23:03:31 - stock_picker - INFO - 失败: 0
2026-04-01 23:03:31 - stock_picker - INFO - 新增记录: 180
2026-04-01 23:03:31 - stock_picker - INFO - ======================================================================
2026-04-01 23:03:31 - stock_picker - INFO - Tushare API resources cleaned up
2026-04-01 23:04:33 - stock_picker - INFO - ======================================================================
2026-04-01 23:04:33 - stock_picker - INFO - 简化增量收集开始
2026-04-01 23:04:33 - stock_picker - INFO - Simplified Incremental Collection
2026-04-01 23:04:33 - stock_picker - INFO - ======================================================================
2026-04-01 23:04:33 - stock_picker - INFO - Database tables initialized
2026-04-01 23:04:33 - stock_picker - INFO - 数据库中的股票: 300 只
2026-04-01 23:04:33 - stock_picker - INFO - 目标日期: 20260401
2026-04-01 23:04:33 - stock_picker - INFO - 
检查需要更新的股票...
2026-04-01 23:04:33 - stock_picker - INFO - Database tables initialized
2026-04-01 23:04:33 - stock_picker - INFO - Database tables initialized
2026-04-01 23:04:33 - stock_picker - INFO - Database tables initialized
2026-04-01 23:04:33 - stock_picker - INFO - Database tables initialized
2026-04-01 23:04:33 - stock_picker - INFO - Database tables initialized
2026-04-01 23:04:33 - stock_picker - INFO - Database tables initialized
2026-04-01 23:04:33 - stock_picker - INFO - Database tables initialized
2026-04-01 23:04:33 - stock_picker - INFO - Database tables initialized
2026-04-01 23:04:33 - stock_picker - INFO - Database tables initialized
2026-04-01 23:04:33 - stock_picker - INFO - Database tables initialized
2026-04-01 23:04:33 - stock_picker - INFO - Database tables initialized
2026-04-01 23:04:33 - stock_picker - INFO - Database tables initialized
2026-04-01 23:04:33 - stock_picker - INFO - Database tables initialized
2026-04-01 23:04:33 - stock_picker - INFO - Database tables initialized
2026-04-01 23:04:33 - stock_picker - INFO - Database tables initialized
2026-04-01 23:04:33 - stock_picker - INFO - Database tables initialized
2026-04-01 23:04:33 - stock_picker - INFO - Database tables initialized
2026-04-01 23:04:33 - stock_picker - INFO - Database tables initialized
2026-04-01 23:04:33 - stock_picker - INFO - Database tables initialized
2026-04-01 23:04:33 - stock_picker - INFO - Database tables initialized
2026-04-01 23:04:33 - stock_picker - INFO - Database tables initialized
2026-04-01 23:04:33 - stock_picker - INFO - Database tables initialized
2026-04-01 23:04:33 - stock_picker - INFO - Database tables initialized
2026-04-01 23:04:33 - stock_picker - INFO - Database tables initialized
2026-04-01 23:04:33 - stock_picker - INFO - Database tables initialized
2026-04-01 23:04:33 - stock_picker - INFO - Database tables initialized
2026-04-01 23:04:33 - stock_picker - INFO - Database tables initialized
2026-04-01 23:04:33 - stock_picker - INFO - Database tables initialized
2026-04-01 23:04:33 - stock_picker - INFO - Database tables initialized
2026-04-01 23:04:33 - stock_picker - INFO - Database tables initialized
2026-04-01 23:04:33 - stock_picker - INFO - Database tables initialized
2026-04-01 23:04:33 - stock_picker - INFO - Database tables initialized
2026-04-01 23:04:33 - stock_picker - INFO - Database tables initialized
2026-04-01 23:04:33 - stock_picker - INFO - Database tables initialized
2026-04-01 23:04:33 - stock_picker - INFO - Database tables initialized
2026-04-01 23:04:33 - stock_picker - INFO - Database tables initialized
2026-04-01 23:04:33 - stock_picker - INFO - Database tables initialized
2026-04-01 23:04:33 - stock_picker - INFO - Database tables initialized
2026-04-01 23:04:33 - stock_picker - INFO - Database tables initialized
2026-04-01 23:04:33 - stock_picker - INFO - Database tables initialized
2026-04-01 23:04:33 - stock_picker - INFO - Database tables initialized
2026-04-01 23:04:33 - stock_picker - INFO - Database tables initialized
2026-04-01 23:04:33 - stock_picker - INFO - Database tables initialized
2026-04-01 23:04:33 - stock_picker - INFO - Database tables initialized
2026-04-01 23:04:33 - stock_picker - INFO - Database tables initialized
2026-04-01 23:04:33 - stock_picker - INFO - Database tables initialized
2026-04-01 23:04:33 - stock_picker - INFO - Database tables initialized
2026-04-01 23:04:33 - stock_picker - INFO - Database tables initialized
2026-04-01 23:04:33 - stock_picker - INFO - Database tables initialized
2026-04-01 23:04:33 - stock_picker - INFO - Database tables initialized
2026-04-01 23:04:33 - stock_picker - INFO - Database tables initialized
2026-04-01 23:04:33 - stock_picker - INFO - Database tables initialized
2026-04-01 23:04:33 - stock_picker - INFO - Database tables initialized
2026-04-01 23:04:33 - stock_picker - INFO - Database tables initialized
2026-04-01 23:04:33 - stock_picker - INFO - Database tables initialized
2026-04-01 23:04:33 - stock_picker - INFO - Database tables initialized
2026-04-01 23:04:33 - stock_picker - INFO - Database tables initialized
2026-04-01 23:04:33 - stock_picker - INFO - Database tables initialized
2026-04-01 23:04:33 - stock_picker - INFO - Database tables initialized
2026-04-01 23:04:33 - stock_picker - INFO - Database tables initialized
2026-04-01 23:04:33 - stock_picker - INFO - Database tables initialized
2026-04-01 23:04:33 - stock_picker - INFO - Database tables initialized
2026-04-01 23:04:33 - stock_picker - INFO - Database tables initialized
2026-04-01 23:04:33 - stock_picker - INFO - Database tables initialized
2026-04-01 23:04:33 - stock_picker - INFO - Database tables initialized
2026-04-01 23:04:33 - stock_picker - INFO - Database tables initialized
2026-04-01 23:04:33 - stock_picker - INFO - Database tables initialized
2026-04-01 23:04:33 - stock_picker - INFO - Database tables initialized
2026-04-01 23:04:33 - stock_picker - INFO - Database tables initialized
2026-04-01 23:04:33 - stock_picker - INFO - Database tables initialized
2026-04-01 23:04:33 - stock_picker - INFO - Database tables initialized
2026-04-01 23:04:33 - stock_picker - INFO - Database tables initialized
2026-04-01 23:04:33 - stock_picker - INFO - Database tables initialized
2026-04-01 23:04:33 - stock_picker - INFO - Database tables initialized
2026-04-01 23:04:33 - stock_picker - INFO - Database tables initialized
2026-04-01 23:04:33 - stock_picker - INFO - Database tables initialized
2026-04-01 23:04:33 - stock_picker - INFO - Database tables initialized
2026-04-01 23:04:33 - stock_picker - INFO - Database tables initialized
2026-04-01 23:04:33 - stock_picker - INFO - Database tables initialized
2026-04-01 23:04:33 - stock_picker - INFO - Database tables initialized
2026-04-01 23:04:33 - stock_picker - INFO - Database tables initialized
2026-04-01 23:04:33 - stock_picker - INFO - Database tables initialized
2026-04-01 23:04:33 - stock_picker - INFO - Database tables initialized
2026-04-01 23:04:33 - stock_picker - INFO - Database tables initialized
2026-04-01 23:04:33 - stock_picker - INFO - Database tables initialized
2026-04-01 23:04:33 - stock_picker - INFO - Database tables initialized
2026-04-01 23:04:33 - stock_picker - INFO - Database tables initialized
2026-04-01 23:04:33 - stock_picker - INFO - Database tables initialized
2026-04-01 23:04:33 - stock_picker - INFO - Database tables initialized
2026-04-01 23:04:33 - stock_picker - INFO - Database tables initialized
2026-04-01 23:04:33 - stock_picker - INFO - Database tables initialized
2026-04-01 23:04:33 - stock_picker - INFO - Database tables initialized
2026-04-01 23:04:33 - stock_picker - INFO - Database tables initialized
2026-04-01 23:04:33 - stock_picker - INFO - Database tables initialized
2026-04-01 23:04:33 - stock_picker - INFO - Database tables initialized
2026-04-01 23:04:33 - stock_picker - INFO - Database tables initialized
2026-04-01 23:04:33 - stock_picker - INFO - Database tables initialized
2026-04-01 23:04:33 - stock_picker - INFO - Database tables initialized
2026-04-01 23:04:33 - stock_picker - INFO - Database tables initialized
2026-04-01 23:04:33 - stock_picker - INFO - Database tables initialized
2026-04-01 23:04:33 - stock_picker - INFO - Database tables initialized
2026-04-01 23:04:33 - stock_picker - INFO - Database tables initialized
2026-04-01 23:04:33 - stock_picker - INFO - Database tables initialized
2026-04-01 23:04:33 - stock_picker - INFO - Database tables initialized
2026-04-01 23:04:33 - stock_picker - INFO - Database tables initialized
2026-04-01 23:04:33 - stock_picker - INFO - Database tables initialized
2026-04-01 23:04:33 - stock_picker - INFO - Database tables initialized
2026-04-01 23:04:33 - stock_picker - INFO - Database tables initialized
2026-04-01 23:04:33 - stock_picker - INFO - Database tables initialized
2026-04-01 23:04:33 - stock_picker - INFO - Database tables initialized
2026-04-01 23:04:33 - stock_picker - INFO - Database tables initialized
2026-04-01 23:04:33 - stock_picker - INFO - Database tables initialized
2026-04-01 23:04:33 - stock_picker - INFO - Database tables initialized
2026-04-01 23:04:33 - stock_picker - INFO - Database tables initialized
2026-04-01 23:04:33 - stock_picker - INFO - Database tables initialized
2026-04-01 23:04:33 - stock_picker - INFO - Database tables initialized
2026-04-01 23:04:33 - stock_picker - INFO - Database tables initialized
2026-04-01 23:04:33 - stock_picker - INFO - Database tables initialized
2026-04-01 23:04:33 - stock_picker - INFO - Database tables initialized
2026-04-01 23:04:33 - stock_picker - INFO - Database tables initialized
2026-04-01 23:04:33 - stock_picker - INFO - Database tables initialized
2026-04-01 23:04:33 - stock_picker - INFO - Database tables initialized
2026-04-01 23:04:33 - stock_picker - INFO - Database tables initialized
2026-04-01 23:04:33 - stock_picker - INFO - Database tables initialized
2026-04-01 23:04:33 - stock_picker - INFO - Database tables initialized
2026-04-01 23:04:33 - stock_picker - INFO - Database tables initialized
2026-04-01 23:04:33 - stock_picker - INFO - Database tables initialized
2026-04-01 23:04:33 - stock_picker - INFO - Database tables initialized
2026-04-01 23:04:33 - stock_picker - INFO - Database tables initialized
2026-04-01 23:04:33 - stock_picker - INFO - Database tables initialized
2026-04-01 23:04:33 - stock_picker - INFO - Database tables initialized
2026-04-01 23:04:33 - stock_picker - INFO - Database tables initialized
2026-04-01 23:04:33 - stock_picker - INFO - Database tables initialized
2026-04-01 23:04:33 - stock_picker - INFO - Database tables initialized
2026-04-01 23:04:33 - stock_picker - INFO - Database tables initialized
2026-04-01 23:04:33 - stock_picker - INFO - Database tables initialized
2026-04-01 23:04:33 - stock_picker - INFO - Database tables initialized
2026-04-01 23:04:33 - stock_picker - INFO - Database tables initialized
2026-04-01 23:04:33 - stock_picker - INFO - Database tables initialized
2026-04-01 23:04:33 - stock_picker - INFO - Database tables initialized
2026-04-01 23:04:33 - stock_picker - INFO - Database tables initialized
2026-04-01 23:04:33 - stock_picker - INFO - Database tables initialized
2026-04-01 23:04:33 - stock_picker - INFO - Database tables initialized
2026-04-01 23:04:33 - stock_picker - INFO - Database tables initialized
2026-04-01 23:04:33 - stock_picker - INFO - Database tables initialized
2026-04-01 23:04:33 - stock_picker - INFO - Database tables initialized
2026-04-01 23:04:33 - stock_picker - INFO - Database tables initialized
2026-04-01 23:04:33 - stock_picker - INFO - Database tables initialized
2026-04-01 23:04:33 - stock_picker - INFO - Database tables initialized
2026-04-01 23:04:33 - stock_picker - INFO - Database tables initialized
2026-04-01 23:04:33 - stock_picker - INFO - Database tables initialized
2026-04-01 23:04:33 - stock_picker - INFO - Database tables initialized
2026-04-01 23:04:33 - stock_picker - INFO - Database tables initialized
2026-04-01 23:04:33 - stock_picker - INFO - Database tables initialized
2026-04-01 23:04:33 - stock_picker - INFO - Database tables initialized
2026-04-01 23:04:33 - stock_picker - INFO - Database tables initialized
2026-04-01 23:04:33 - stock_picker - INFO - Database tables initialized
2026-04-01 23:04:33 - stock_picker - INFO - Database tables initialized
2026-04-01 23:04:33 - stock_picker - INFO - Database tables initialized
2026-04-01 23:04:33 - stock_picker - INFO - Database tables initialized
2026-04-01 23:04:33 - stock_picker - INFO - Database tables initialized
2026-04-01 23:04:33 - stock_picker - INFO - Database tables initialized
2026-04-01 23:04:33 - stock_picker - INFO - Database tables initialized
2026-04-01 23:04:33 - stock_picker - INFO - Database tables initialized
2026-04-01 23:04:33 - stock_picker - INFO - Database tables initialized
2026-04-01 23:04:33 - stock_picker - INFO - Database tables initialized
2026-04-01 23:04:33 - stock_picker - INFO - Database tables initialized
2026-04-01 23:04:33 - stock_picker - INFO - Database tables initialized
2026-04-01 23:04:33 - stock_picker - INFO - Database tables initialized
2026-04-01 23:04:33 - stock_picker - INFO - Database tables initialized
2026-04-01 23:04:33 - stock_picker - INFO - Database tables initialized
2026-04-01 23:04:33 - stock_picker - INFO - Database tables initialized
2026-04-01 23:04:33 - stock_picker - INFO - Database tables initialized
2026-04-01 23:04:33 - stock_picker - INFO - Database tables initialized
2026-04-01 23:04:33 - stock_picker - INFO - Database tables initialized
2026-04-01 23:04:33 - stock_picker - INFO - Database tables initialized
2026-04-01 23:04:33 - stock_picker - INFO - Database tables initialized
2026-04-01 23:04:33 - stock_picker - INFO - Database tables initialized
2026-04-01 23:04:33 - stock_picker - INFO - Database tables initialized
2026-04-01 23:04:33 - stock_picker - INFO - Database tables initialized
2026-04-01 23:04:33 - stock_picker - INFO - Database tables initialized
2026-04-01 23:04:33 - stock_picker - INFO - Database tables initialized
2026-04-01 23:04:33 - stock_picker - INFO - Database tables initialized
2026-04-01 23:04:33 - stock_picker - INFO - Database tables initialized
2026-04-01 23:04:33 - stock_picker - INFO - Database tables initialized
2026-04-01 23:04:33 - stock_picker - INFO - Database tables initialized
2026-04-01 23:04:33 - stock_picker - INFO - Database tables initialized
2026-04-01 23:04:33 - stock_picker - INFO - Database tables initialized
2026-04-01 23:04:33 - stock_picker - INFO - Database tables initialized
2026-04-01 23:04:33 - stock_picker - INFO - Database tables initialized
2026-04-01 23:04:33 - stock_picker - INFO - Database tables initialized
2026-04-01 23:04:33 - stock_picker - INFO - Database tables initialized
2026-04-01 23:04:33 - stock_picker - INFO - Database tables initialized
2026-04-01 23:04:33 - stock_picker - INFO - Database tables initialized
2026-04-01 23:04:33 - stock_picker - INFO - Database tables initialized
2026-04-01 23:04:33 - stock_picker - INFO - Database tables initialized
2026-04-01 23:04:33 - stock_picker - INFO - Database tables initialized
2026-04-01 23:04:33 - stock_picker - INFO - Database tables initialized
2026-04-01 23:04:33 - stock_picker - INFO - Database tables initialized
2026-04-01 23:04:33 - stock_picker - INFO - Database tables initialized
2026-04-01 23:04:33 - stock_picker - INFO - Database tables initialized
2026-04-01 23:04:33 - stock_picker - INFO - Database tables initialized
2026-04-01 23:04:33 - stock_picker - INFO - Database tables initialized
2026-04-01 23:04:33 - stock_picker - INFO - Database tables initialized
2026-04-01 23:04:33 - stock_picker - INFO - Database tables initialized
2026-04-01 23:04:33 - stock_picker - INFO - Database tables initialized
2026-04-01 23:04:33 - stock_picker - INFO - Database tables initialized
2026-04-01 23:04:33 - stock_picker - INFO - Database tables initialized
2026-04-01 23:04:33 - stock_picker - INFO - Database tables initialized
2026-04-01 23:04:33 - stock_picker - INFO - Database tables initialized
2026-04-01 23:04:33 - stock_picker - INFO - Database tables initialized
2026-04-01 23:04:33 - stock_picker - INFO - Database tables initialized
2026-04-01 23:04:33 - stock_picker - INFO - Database tables initialized
2026-04-01 23:04:33 - stock_picker - INFO - Database tables initialized
2026-04-01 23:04:33 - stock_picker - INFO - Database tables initialized
2026-04-01 23:04:33 - stock_picker - INFO - Database tables initialized
2026-04-01 23:04:33 - stock_picker - INFO - Database tables initialized
2026-04-01 23:04:33 - stock_picker - INFO - Database tables initialized
2026-04-01 23:04:33 - stock_picker - INFO - Database tables initialized
2026-04-01 23:04:33 - stock_picker - INFO - Database tables initialized
2026-04-01 23:04:33 - stock_picker - INFO - Database tables initialized
2026-04-01 23:04:33 - stock_picker - INFO - Database tables initialized
2026-04-01 23:04:33 - stock_picker - INFO - Database tables initialized
2026-04-01 23:04:33 - stock_picker - INFO - Database tables initialized
2026-04-01 23:04:33 - stock_picker - INFO - Database tables initialized
2026-04-01 23:04:33 - stock_picker - INFO - Database tables initialized
2026-04-01 23:04:33 - stock_picker - INFO - Database tables initialized
2026-04-01 23:04:33 - stock_picker - INFO - Database tables initialized
2026-04-01 23:04:33 - stock_picker - INFO - Database tables initialized
2026-04-01 23:04:33 - stock_picker - INFO - Database tables initialized
2026-04-01 23:04:33 - stock_picker - INFO - Database tables initialized
2026-04-01 23:04:33 - stock_picker - INFO - Database tables initialized
2026-04-01 23:04:33 - stock_picker - INFO - Database tables initialized
2026-04-01 23:04:33 - stock_picker - INFO - Database tables initialized
2026-04-01 23:04:33 - stock_picker - INFO - Database tables initialized
2026-04-01 23:04:33 - stock_picker - INFO - Database tables initialized
2026-04-01 23:04:33 - stock_picker - INFO - Database tables initialized
2026-04-01 23:04:33 - stock_picker - INFO - Database tables initialized
2026-04-01 23:04:33 - stock_picker - INFO - Database tables initialized
2026-04-01 23:04:33 - stock_picker - INFO - Database tables initialized
2026-04-01 23:04:33 - stock_picker - INFO - Database tables initialized
2026-04-01 23:04:33 - stock_picker - INFO - Database tables initialized
2026-04-01 23:04:33 - stock_picker - INFO - Database tables initialized
2026-04-01 23:04:33 - stock_picker - INFO - Database tables initialized
2026-04-01 23:04:33 - stock_picker - INFO - Database tables initialized
2026-04-01 23:04:33 - stock_picker - INFO - Database tables initialized
2026-04-01 23:04:33 - stock_picker - INFO - Database tables initialized
2026-04-01 23:04:33 - stock_picker - INFO - Database tables initialized
2026-04-01 23:04:33 - stock_picker - INFO - Database tables initialized
2026-04-01 23:04:33 - stock_picker - INFO - Database tables initialized
2026-04-01 23:04:33 - stock_picker - INFO - Database tables initialized
2026-04-01 23:04:33 - stock_picker - INFO - Database tables initialized
2026-04-01 23:04:33 - stock_picker - INFO - Database tables initialized
2026-04-01 23:04:33 - stock_picker - INFO - Database tables initialized
2026-04-01 23:04:33 - stock_picker - INFO - Database tables initialized
2026-04-01 23:04:33 - stock_picker - INFO - Database tables initialized
2026-04-01 23:04:33 - stock_picker - INFO - Database tables initialized
2026-04-01 23:04:33 - stock_picker - INFO - Database tables initialized
2026-04-01 23:04:33 - stock_picker - INFO - Database tables initialized
2026-04-01 23:04:33 - stock_picker - INFO - Database tables initialized
2026-04-01 23:04:33 - stock_picker - INFO - Database tables initialized
2026-04-01 23:04:33 - stock_picker - INFO - Database tables initialized
2026-04-01 23:04:33 - stock_picker - INFO - Database tables initialized
2026-04-01 23:04:33 - stock_picker - INFO - Database tables initialized
2026-04-01 23:04:33 - stock_picker - INFO - Database tables initialized
2026-04-01 23:04:33 - stock_picker - INFO - Database tables initialized
2026-04-01 23:04:33 - stock_picker - INFO - Database tables initialized
2026-04-01 23:04:33 - stock_picker - INFO - Database tables initialized
2026-04-01 23:04:33 - stock_picker - INFO - Database tables initialized
2026-04-01 23:04:33 - stock_picker - INFO - Database tables initialized
2026-04-01 23:04:33 - stock_picker - INFO - Database tables initialized
2026-04-01 23:04:33 - stock_picker - INFO - Database tables initialized
2026-04-01 23:04:33 - stock_picker - INFO - Database tables initialized
2026-04-01 23:04:33 - stock_picker - INFO - Database tables initialized
2026-04-01 23:04:33 - stock_picker - INFO - Database tables initialized
2026-04-01 23:04:33 - stock_picker - INFO - Database tables initialized
2026-04-01 23:04:33 - stock_picker - INFO - Database tables initialized
2026-04-01 23:04:33 - stock_picker - INFO - Database tables initialized
2026-04-01 23:04:33 - stock_picker - INFO - Database tables initialized
2026-04-01 23:04:33 - stock_picker - INFO - Database tables initialized
2026-04-01 23:04:33 - stock_picker - INFO - Database tables initialized
2026-04-01 23:04:33 - stock_picker - INFO - Database tables initialized
2026-04-01 23:04:33 - stock_picker - INFO - Database tables initialized
2026-04-01 23:04:33 - stock_picker - INFO - Database tables initialized
2026-04-01 23:04:33 - stock_picker - INFO - Database tables initialized
2026-04-01 23:04:33 - stock_picker - INFO - Database tables initialized
2026-04-01 23:04:33 - stock_picker - INFO - Database tables initialized
2026-04-01 23:04:33 - stock_picker - INFO - Database tables initialized
2026-04-01 23:04:33 - stock_picker - INFO - Database tables initialized
2026-04-01 23:04:33 - stock_picker - INFO - Database tables initialized
2026-04-01 23:04:33 - stock_picker - INFO - Database tables initialized
2026-04-01 23:04:33 - stock_picker - INFO - Database tables initialized
2026-04-01 23:04:33 - stock_picker - INFO - Database tables initialized
2026-04-01 23:04:33 - stock_picker - INFO - Database tables initialized
2026-04-01 23:04:33 - stock_picker - INFO - Database tables initialized
2026-04-01 23:04:33 - stock_picker - INFO - Database tables initialized
2026-04-01 23:04:33 - stock_picker - INFO - Database tables initialized
2026-04-01 23:04:33 - stock_picker - INFO - Database tables initialized
2026-04-01 23:04:33 - stock_picker - INFO - Database tables initialized
2026-04-01 23:04:33 - stock_picker - INFO - Database tables initialized
2026-04-01 23:04:33 - stock_picker - INFO - 
统计:
2026-04-01 23:04:33 - stock_picker - INFO -   需要更新: 0 只
2026-04-01 23:04:33 - stock_picker - INFO -   已是最新: 300 只
2026-04-01 23:04:33 - stock_picker - INFO - 
所有股票都已是最新，无需更新
2026-04-01 23:04:33 - stock_picker - INFO - Tushare API resources cleaned up
